tick,wall_ms,engine_playhead,timeline_playhead,fps,decoder_start,frames_shown,frame_pts,frame_idx,frame_displayed,queue_size,audio_pos_ms,audio_duration_ms,playback_rate,timer_ms
1,0.0,0.020478,0.020478,59.94,0.000000,0,-1.000000,-1,NO,0,0,0,1.0,17
2,17.2,0.037639,0.037639,59.94,0.000000,0,-1.000000,-1,NO,0,0,259709,1.0,17
3,34.0,0.054498,0.054498,59.94,0.000000,0,-1.000000,-1,NO,0,0,259709,1.0,17
4,51.0,0.071474,0.071474,59.94,0.000000,0,-1.000000,-1,NO,0,0,259709,1.0,17
5,67.1,0.087564,0.087564,59.94,0.000000,0,-1.000000,-1,NO,0,27,259709,1.0,17
6,84.2,0.104702,0.104702,59.94,0.000000,0,-1.000000,-1,NO,0,27,259709,1.0,17
7,102.1,0.122557,0.122557,59.94,0.000000,0,-1.000000,-1,NO,0,27,259709,1.0,17
8,118.2,0.138649,0.138649,59.94,0.000000,0,-1.000000,-1,NO,0,79,259709,1.0,17
9,135.2,0.155685,0.155685,59.94,0.000000,6,0.083416,5,YES,0,79,259709,1.0,17
10,152.1,0.172575,0.172575,59.94,0.000000,10,0.150149,9,YES,4,79,259709,1.0,17
11,169.4,0.189858,0.189858,59.94,0.000000,11,0.166832,10,YES,13,131,259709,1.0,17
12,187.1,0.207596,0.207596,59.94,0.000000,12,0.183515,11,YES,23,131,259709,1.0,17
13,203.0,0.223495,0.223495,59.94,0.000000,13,0.200199,12,YES,23,131,259709,1.0,17
14,220.6,0.241061,0.241061,59.94,0.000000,14,0.216882,13,YES,23,183,259709,1.0,17
15,237.2,0.257672,0.257672,59.94,0.000000,15,0.233565,14,YES,23,183,259709,1.0,17
16,254.8,0.275258,0.275258,59.94,0.000000,16,0.250248,15,YES,23,183,259709,1.0,17
17,271.8,0.292318,0.292318,59.94,0.000000,17,0.266932,16,YES,23,236,259709,1.0,17
18,288.5,0.308989,0.308989,59.94,0.000000,18,0.283615,17,YES,23,236,259709,1.0,17
19,305.0,0.325465,0.325465,59.94,0.000000,19,0.300298,18,YES,23,236,259709,1.0,17
20,322.1,0.342569,0.342569,59.94,0.000000,20,0.316981,19,YES,23,288,259709,1.0,17
21,339.7,0.360129,0.360129,59.94,0.000000,21,0.333664,20,YES,23,288,259709,1.0,17
22,356.2,0.376663,0.376663,59.94,0.000000,22,0.350348,21,YES,23,288,259709,1.0,17
23,373.3,0.393745,0.393745,59.94,0.000000,23,0.367031,22,YES,23,340,259709,1.0,17
24,390.4,0.410837,0.410837,59.94,0.000000,24,0.383714,23,YES,23,340,259709,1.0,17
25,407.6,0.428070,0.428070,59.94,0.000000,25,0.400397,24,YES,23,340,259709,1.0,17
26,424.0,0.444467,0.444467,59.94,0.000000,26,0.417080,25,YES,23,392,259709,1.0,17
27,441.1,0.461542,0.461542,59.94,0.000000,27,0.433764,26,YES,23,392,259709,1.0,17
28,458.3,0.478801,0.478801,59.94,0.000000,28,0.450447,27,YES,23,392,259709,1.0,17
29,475.7,0.496214,0.496214,59.94,0.000000,29,0.467130,28,YES,23,445,259709,1.0,17
30,492.8,0.513302,0.513302,59.94,0.000000,30,0.483813,29,YES,23,445,259709,1.0,17
31,509.4,0.529845,0.529845,59.94,0.000000,31,0.500497,30,YES,23,445,259709,1.0,17
32,526.5,0.546935,0.546935,59.94,0.000000,32,0.517180,31,YES,23,497,259709,1.0,17
33,543.0,0.563451,0.563451,59.94,0.000000,33,0.533863,32,YES,23,497,259709,1.0,17
34,560.6,0.581079,0.581079,59.94,0.000000,34,0.550546,33,YES,23,497,259709,1.0,17
35,577.2,0.597649,0.597649,59.94,0.000000,35,0.567229,34,YES,23,523,259709,1.0,17
36,594.8,0.615273,0.615273,59.94,0.000000,36,0.583913,35,YES,23,523,259709,1.0,17
37,611.8,0.632269,0.632269,59.94,0.000000,37,0.600596,36,YES,23,575,259709,1.0,17
38,628.4,0.648851,0.648851,59.94,0.000000,38,0.617279,37,YES,23,575,259709,1.0,17
39,645.9,0.666381,0.666381,59.94,0.000000,39,0.633962,38,YES,23,575,259709,1.0,17
40,661.9,0.682410,0.682410,59.94,0.000000,40,0.650646,39,YES,23,628,259709,1.0,17
41,679.5,0.700005,0.700005,59.94,0.000000,41,0.667329,40,YES,23,628,259709,1.0,17
42,696.6,0.717036,0.717036,59.94,0.000000,42,0.684012,41,YES,23,628,259709,1.0,17
43,713.6,0.734094,0.734094,59.94,0.000000,44,0.717378,43,YES,22,680,259709,1.0,17
44,730.2,0.750650,0.750650,59.94,0.000000,45,0.734062,44,YES,23,680,259709,1.0,17
45,747.3,0.767761,0.767761,59.94,0.000000,46,0.750745,45,YES,23,680,259709,1.0,17
46,764.1,0.784597,0.784597,59.94,0.000000,47,0.767428,46,YES,23,732,259709,1.0,17
47,781.2,0.801679,0.801679,59.94,0.000000,48,0.784111,47,YES,23,732,259709,1.0,17
48,798.1,0.818554,0.818554,59.94,0.000000,49,0.800795,48,YES,23,732,259709,1.0,17
49,815.6,0.836032,0.836032,59.94,0.000000,50,0.817478,49,YES,23,784,259709,1.0,17
50,832.6,0.853098,0.853098,59.94,0.000000,51,0.834161,50,YES,23,784,259709,1.0,17
51,849.7,0.870227,0.870227,59.94,0.000000,52,0.850844,51,YES,23,784,259709,1.0,17
52,866.5,0.887011,0.887011,59.94,0.000000,53,0.867527,52,YES,23,836,259709,1.0,17
53,883.3,0.903828,0.903828,59.94,0.000000,54,0.884211,53,YES,23,836,259709,1.0,17
54,900.5,0.920939,0.920939,59.94,0.000000,55,0.900894,54,YES,23,836,259709,1.0,17
55,917.3,0.937793,0.937793,59.94,0.000000,56,0.917577,55,YES,23,889,259709,1.0,17
56,935.0,0.955478,0.955478,59.94,0.000000,57,0.934260,56,YES,23,889,259709,1.0,17
57,951.1,0.971536,0.971536,59.94,0.000000,58,0.950944,57,YES,23,889,259709,1.0,17
58,968.5,0.989023,0.989023,59.94,0.000000,59,0.967627,58,YES,23,941,259709,1.0,17
59,985.6,1.006098,1.006098,59.94,0.000000,60,0.984310,59,YES,23,941,259709,1.0,17
60,1002.2,1.022641,1.022641,59.94,0.000000,61,1.000993,60,YES,23,941,259709,1.0,17
61,1019.5,1.039994,1.039994,59.94,0.000000,62,1.017676,61,YES,23,993,259709,1.0,17
62,1036.5,1.056949,1.056949,59.94,0.000000,63,1.034360,62,YES,23,993,259709,1.0,17
63,1053.8,1.074322,1.074322,59.94,0.000000,64,1.051043,63,YES,23,993,259709,1.0,17
64,1070.9,1.091380,1.091380,59.94,0.000000,65,1.067726,64,YES,23,1045,259709,1.0,17
65,1087.5,1.107930,1.107930,59.94,0.000000,66,1.084409,65,YES,23,1045,259709,1.0,17
66,1104.1,1.124548,1.124548,59.94,0.000000,67,1.101093,66,YES,23,1045,259709,1.0,17
67,1121.2,1.141644,1.141644,59.94,0.000000,68,1.117776,67,YES,23,1098,259709,1.0,17
68,1138.1,1.158620,1.158620,59.94,0.000000,69,1.134459,68,YES,23,1098,259709,1.0,17
69,1155.7,1.176198,1.176198,59.94,0.000000,70,1.151142,69,YES,23,1098,259709,1.0,17
70,1172.0,1.192508,1.192508,59.94,0.000000,71,1.167825,70,YES,23,1150,259709,1.0,17
71,1189.5,1.209931,1.209931,59.94,0.000000,72,1.184509,71,YES,23,1150,259709,1.0,17
72,1206.8,1.227248,1.227248,59.94,0.000000,73,1.201192,72,YES,23,1150,259709,1.0,17
73,1223.7,1.244219,1.244219,59.94,0.000000,74,1.217875,73,YES,23,1176,259709,1.0,17
74,1240.1,1.260585,1.260585,59.94,0.000000,75,1.234558,74,YES,23,1176,259709,1.0,17
75,1257.7,1.278148,1.278148,59.94,0.000000,76,1.251241,75,YES,23,1176,259709,1.0,17
76,1274.7,1.295180,1.295180,59.94,0.000000,77,1.267925,76,YES,23,1228,259709,1.0,17
77,1291.7,1.312224,1.312224,59.94,0.000000,78,1.284608,77,YES,23,1228,259709,1.0,17
78,1308.3,1.328789,1.328789,59.94,0.000000,79,1.301291,78,YES,23,1228,259709,1.0,17
79,1325.9,1.346398,1.346398,59.94,0.000000,80,1.317974,79,YES,23,1281,259709,1.0,17
80,1343.0,1.363433,1.363433,59.94,0.000000,81,1.334658,80,YES,23,1281,259709,1.0,17
81,1359.5,1.379999,1.379999,59.94,0.000000,82,1.351341,81,YES,23,1281,259709,1.0,17
82,1376.1,1.396551,1.396551,59.94,0.000000,83,1.368024,82,YES,23,1333,259709,1.0,17
83,1393.2,1.413659,1.413659,59.94,0.000000,84,1.384707,83,YES,23,1333,259709,1.0,17
84,1410.8,1.431231,1.431231,59.94,0.000000,85,1.401390,84,YES,23,1333,259709,1.0,17
85,1427.3,1.447741,1.447741,59.94,0.000000,86,1.418074,85,YES,23,1385,259709,1.0,17
86,1445.1,1.465600,1.465600,59.94,0.000000,87,1.434757,86,YES,23,1385,259709,1.0,17
87,1461.0,1.481461,1.481461,59.94,0.000000,88,1.451440,87,YES,23,1437,259709,1.0,17
88,1478.5,1.498982,1.498982,59.94,0.000000,89,1.468123,88,YES,23,1437,259709,1.0,17
89,1495.6,1.516082,1.516082,59.94,0.000000,90,1.484807,89,YES,23,1437,259709,1.0,17
90,1512.1,1.532617,1.532617,59.94,0.000000,91,1.501490,90,YES,23,1490,259709,1.0,17
91,1529.2,1.549707,1.549707,59.94,0.000000,92,1.518173,91,YES,23,1490,259709,1.0,17
92,1546.3,1.566825,1.566825,59.94,0.000000,93,1.534856,92,YES,23,1490,259709,1.0,17
93,1563.4,1.583846,1.583846,59.94,0.000000,94,1.551539,93,YES,23,1542,259709,1.0,17
94,1580.0,1.600461,1.600461,59.94,0.000000,95,1.568223,94,YES,23,1542,259709,1.0,17
95,1597.6,1.618060,1.618060,59.94,0.000000,96,1.584906,95,YES,23,1542,259709,1.0,17
96,1614.6,1.635051,1.635051,59.94,0.000000,98,1.618272,97,YES,22,1594,259709,1.0,17
97,1631.6,1.652100,1.652100,59.94,0.000000,99,1.634956,98,YES,23,1594,259709,1.0,17
98,1648.2,1.668680,1.668680,59.94,0.000000,100,1.651639,99,YES,23,1594,259709,1.0,17
99,1665.8,1.686232,1.686232,59.94,0.000000,101,1.668322,100,YES,23,1646,259709,1.0,17
100,1682.9,1.703423,1.703423,59.94,0.000000,102,1.685005,101,YES,23,1646,259709,1.0,17
101,1699.4,1.719867,1.719867,59.94,0.000000,103,1.701688,102,YES,23,1646,259709,1.0,17
102,1816.4,1.836847,1.836847,59.94,0.000000,110,1.818471,109,YES,17,1803,259709,1.0,17
103,1818.3,1.838781,1.838781,59.94,0.000000,111,1.835154,110,YES,17,1803,259709,1.0,17
104,1835.4,1.855845,1.855845,59.94,0.000000,112,1.851837,111,YES,23,1803,259709,1.0,17
105,1852.9,1.873418,1.873418,59.94,0.000000,113,1.868521,112,YES,23,1803,259709,1.0,17
106,1869.4,1.889899,1.889899,59.94,0.000000,114,1.885204,113,YES,23,1829,259709,1.0,17
107,1886.0,1.906493,1.906493,59.94,0.000000,115,1.901887,114,YES,23,1829,259709,1.0,17
108,1903.1,1.923609,1.923609,59.94,0.000000,116,1.918570,115,YES,23,1829,259709,1.0,17
109,1920.1,1.940622,1.940622,59.94,0.000000,117,1.935254,116,YES,23,1881,259709,1.0,17
110,1937.2,1.957725,1.957725,59.94,0.000000,118,1.951937,117,YES,23,1881,259709,1.0,17
111,1954.9,1.975404,1.975404,59.94,0.000000,119,1.968620,118,YES,23,1881,259709,1.0,17
112,1971.8,1.992305,1.992305,59.94,0.000000,120,1.985303,119,YES,23,1934,259709,1.0,17
113,1988.4,2.008907,2.008907,59.94,0.000000,121,2.001986,120,YES,23,1934,259709,1.0,17
114,2005.2,2.025656,2.025656,59.94,0.000000,122,2.018670,121,YES,23,1934,259709,1.0,17
115,2022.2,2.042684,2.042684,59.94,0.000000,123,2.035353,122,YES,23,1986,259709,1.0,17
116,2039.6,2.060081,2.060081,59.94,0.000000,124,2.052036,123,YES,23,1986,259709,1.0,17
117,2056.7,2.077173,2.077173,59.94,0.000000,125,2.068719,124,YES,23,1986,259709,1.0,17
118,2073.2,2.093697,2.093697,59.94,0.000000,126,2.085402,125,YES,23,2038,259709,1.0,17
119,2090.9,2.111328,2.111328,59.94,0.000000,127,2.102086,126,YES,23,2038,259709,1.0,17
120,2107.4,2.127921,2.127921,59.94,0.000000,128,2.118769,127,YES,23,2038,259709,1.0,17
121,2124.0,2.144494,2.144494,59.94,0.000000,129,2.135452,128,YES,23,2090,259709,1.0,17
122,2141.6,2.162055,2.162055,59.94,0.000000,130,2.152135,129,YES,23,2090,259709,1.0,17
123,2158.6,2.179104,2.179104,59.94,0.000000,131,2.168819,130,YES,23,2090,259709,1.0,17
124,2175.7,2.196183,2.196183,59.94,0.000000,132,2.185502,131,YES,23,2143,259709,1.0,17
125,2192.3,2.212779,2.212779,59.94,0.000000,133,2.202185,132,YES,23,2143,259709,1.0,17
126,2209.9,2.230367,2.230367,59.94,0.000000,134,2.218868,133,YES,23,2143,259709,1.0,17
127,2226.0,2.246436,2.246436,59.94,0.000000,135,2.235551,134,YES,23,2195,259709,1.0,17
128,2243.1,2.263538,2.263538,59.94,0.000000,136,2.252235,135,YES,23,2195,259709,1.0,17
129,2260.1,2.280556,2.280556,59.94,0.000000,137,2.268918,136,YES,23,2195,259709,1.0,17
130,2277.1,2.297606,2.297606,59.94,0.000000,138,2.285601,137,YES,23,2247,259709,1.0,17
131,2294.8,2.315247,2.315247,59.94,0.000000,139,2.302284,138,YES,23,2247,259709,1.0,17
132,2311.8,2.332273,2.332273,59.94,0.000000,140,2.318968,139,YES,23,2299,259709,1.0,17
133,2328.4,2.348883,2.348883,59.94,0.000000,141,2.335651,140,YES,23,2299,259709,1.0,17
134,2345.2,2.365658,2.365658,59.94,0.000000,142,2.352334,141,YES,23,2299,259709,1.0,17
135,2362.1,2.382596,2.382596,59.94,0.000000,143,2.369017,142,YES,23,2325,259709,1.0,17
136,2379.6,2.400068,2.400068,59.94,0.000000,144,2.385700,143,YES,23,2325,259709,1.0,17
137,2396.6,2.417107,2.417107,59.94,0.000000,145,2.402384,144,YES,23,2325,259709,1.0,17
138,2413.2,2.433696,2.433696,59.94,0.000000,146,2.419067,145,YES,23,2378,259709,1.0,17
139,2430.2,2.450719,2.450719,59.94,0.000000,147,2.435750,146,YES,23,2378,259709,1.0,17
140,2447.4,2.467888,2.467888,59.94,0.000000,148,2.452433,147,YES,23,2378,259709,1.0,17
141,2463.9,2.484408,2.484408,59.94,0.000000,149,2.469117,148,YES,23,2430,259709,1.0,17
142,2481.0,2.501524,2.501524,59.94,0.000000,150,2.485800,149,YES,23,2430,259709,1.0,17
143,2498.1,2.518620,2.518620,59.94,0.000000,151,2.502483,150,YES,23,2430,259709,1.0,17
144,2515.7,2.536153,2.536153,59.94,0.000000,152,2.519166,151,YES,23,2482,259709,1.0,17
145,2532.3,2.552773,2.552773,59.94,0.000000,153,2.535849,152,YES,23,2482,259709,1.0,17
146,2549.4,2.569829,2.569829,59.94,0.000000,154,2.552533,153,YES,23,2482,259709,1.0,17
147,2566.4,2.586903,2.586903,59.94,0.000000,155,2.569216,154,YES,23,2534,259709,1.0,17
148,2583.0,2.603429,2.603429,59.94,0.000000,156,2.585899,155,YES,23,2534,259709,1.0,17
149,2600.0,2.620481,2.620481,59.94,0.000000,157,2.602582,156,YES,23,2534,259709,1.0,17
150,2617.6,2.638037,2.638037,59.94,0.000000,158,2.619266,157,YES,23,2587,259709,1.0,17
151,2634.1,2.654628,2.654628,59.94,0.000000,159,2.635949,158,YES,23,2587,259709,1.0,17
152,2651.7,2.672152,2.672152,59.94,0.000000,160,2.652632,159,YES,23,2587,259709,1.0,17
153,2668.2,2.688724,2.688724,59.94,0.000000,161,2.669315,160,YES,23,2639,259709,1.0,17
154,2685.8,2.706310,2.706310,59.94,0.000000,162,2.685998,161,YES,23,2639,259709,1.0,17
155,2702.9,2.723426,2.723426,59.94,0.000000,163,2.702682,162,YES,23,2639,259709,1.0,17
156,2719.5,2.739935,2.739935,59.94,0.000000,164,2.719365,163,YES,23,2691,259709,1.0,17
157,2736.0,2.756467,2.756467,59.94,0.000000,165,2.736048,164,YES,23,2691,259709,1.0,17
158,2753.0,2.773520,2.773520,59.94,0.000000,166,2.752731,165,YES,23,2691,259709,1.0,17
159,2770.2,2.790636,2.790636,59.94,0.000000,167,2.769414,166,YES,23,2743,259709,1.0,17
160,2787.7,2.808221,2.808221,59.94,0.000000,168,2.786098,167,YES,23,2743,259709,1.0,17
161,2805.0,2.825432,2.825432,59.94,0.000000,169,2.802781,168,YES,23,2743,259709,1.0,17
162,2821.9,2.842381,2.842381,59.94,0.000000,170,2.819464,169,YES,23,2796,259709,1.0,17
163,2838.4,2.858875,2.858875,59.94,0.000000,171,2.836147,170,YES,23,2796,259709,1.0,17
164,2855.0,2.875489,2.875489,59.94,0.000000,172,2.852831,171,YES,23,2796,259709,1.0,17
165,2872.0,2.892507,2.892507,59.94,0.000000,173,2.869514,172,YES,23,2848,259709,1.0,17
166,2889.1,2.909603,2.909603,59.94,0.000000,174,2.886197,173,YES,23,2848,259709,1.0,17
167,2906.2,2.926629,2.926629,59.94,0.000000,175,2.902880,174,YES,23,2848,259709,1.0,17
168,2923.3,2.943730,2.943730,59.94,0.000000,176,2.919563,175,YES,23,2900,259709,1.0,17
169,2940.8,2.961301,2.961301,59.94,0.000000,177,2.936247,176,YES,23,2900,259709,1.0,17
170,2957.4,2.977849,2.977849,59.94,0.000000,178,2.952930,177,YES,23,2900,259709,1.0,17
171,2975.1,2.995551,2.995551,59.94,0.000000,179,2.969613,178,YES,23,2926,259709,1.0,17
172,2991.0,3.011436,3.011436,59.94,0.000000,180,2.986296,179,YES,23,2926,259709,1.0,17
173,3008.5,3.028961,3.028961,59.94,0.000000,181,3.002980,180,YES,23,2926,259709,1.0,17
174,3025.7,3.046175,3.046175,59.94,0.000000,182,3.019663,181,YES,23,2979,259709,1.0,17
175,3042.3,3.062746,3.062746,59.94,0.000000,183,3.036346,182,YES,23,2979,259709,1.0,17
176,3059.7,3.080144,3.080144,59.94,0.000000,184,3.053029,183,YES,23,2979,259709,1.0,17
177,3076.1,3.096534,3.096534,59.94,0.000000,185,3.069712,184,YES,23,3031,259709,1.0,17
178,3093.8,3.114259,3.114259,59.94,0.000000,186,3.086396,185,YES,23,3031,259709,1.0,17
179,3110.1,3.130616,3.130616,59.94,0.000000,187,3.103079,186,YES,23,3031,259709,1.0,17
180,3127.2,3.147669,3.147669,59.94,0.000000,188,3.119762,187,YES,23,3083,259709,1.0,17
181,3144.1,3.164624,3.164624,59.94,0.000000,189,3.136445,188,YES,23,3083,259709,1.0,17
182,3161.3,3.181745,3.181745,59.94,0.000000,190,3.153129,189,YES,23,3135,259709,1.0,17
183,3178.2,3.198660,3.198660,59.94,0.000000,191,3.169812,190,YES,23,3135,259709,1.0,17
184,3195.2,3.215726,3.215726,59.94,0.000000,192,3.186495,191,YES,23,3135,259709,1.0,17
185,3212.2,3.232679,3.232679,59.94,0.000000,193,3.203178,192,YES,23,3188,259709,1.0,17
186,3229.2,3.249717,3.249717,59.94,0.000000,194,3.219861,193,YES,23,3188,259709,1.0,17
187,3247.0,3.267490,3.267490,59.94,0.000000,195,3.236545,194,YES,23,3188,259709,1.0,17
188,3263.8,3.284256,3.284256,59.94,0.000000,196,3.253228,195,YES,23,3240,259709,1.0,17
189,3280.8,3.301304,3.301304,59.94,0.000000,197,3.269911,196,YES,23,3240,259709,1.0,17
190,3297.2,3.317632,3.317632,59.94,0.000000,198,3.286594,197,YES,23,3240,259709,1.0,17
191,3314.2,3.334675,3.334675,59.94,0.000000,199,3.303278,198,YES,23,3292,259709,1.0,17
192,3331.6,3.352047,3.352047,59.94,0.000000,200,3.319961,199,YES,23,3292,259709,1.0,17
193,3348.0,3.368510,3.368510,59.94,0.000000,201,3.336644,200,YES,23,3292,259709,1.0,17
194,3365.3,3.385761,3.385761,59.94,0.000000,202,3.353327,201,YES,23,3344,259709,1.0,17
195,3382.5,3.403000,3.403000,59.94,0.000000,203,3.370010,202,YES,23,3344,259709,1.0,17
196,3399.9,3.420329,3.420329,59.94,0.000000,205,3.403377,204,YES,22,3344,259709,1.0,17
197,3416.0,3.436510,3.436510,59.94,0.000000,206,3.420060,205,YES,23,3396,259709,1.0,17
198,3434.0,3.454463,3.454463,59.94,0.000000,207,3.436743,206,YES,23,3396,259709,1.0,17
199,3450.6,3.471076,3.471076,59.94,0.000000,208,3.453427,207,YES,23,3396,259709,1.0,17
200,3467.9,3.488388,3.488388,59.94,0.000000,209,3.470110,208,YES,23,3449,259709,1.0,17
201,3484.4,3.504849,3.504849,59.94,0.000000,210,3.486793,209,YES,23,3449,259709,1.0,17
202,3501.8,3.522293,3.522293,59.94,0.000000,211,3.503476,210,YES,23,3449,259709,1.0,17
203,3518.3,3.538823,3.538823,59.94,0.000000,212,3.520159,211,YES,23,3475,259709,1.0,17
204,3535.6,3.556098,3.556098,59.94,0.000000,213,3.536843,212,YES,23,3475,259709,1.0,17
205,3552.2,3.572648,3.572648,59.94,0.000000,214,3.553526,213,YES,23,3475,259709,1.0,17
206,3569.3,3.589780,3.589780,59.94,0.000000,215,3.570209,214,YES,23,3527,259709,1.0,17
207,3586.4,3.606888,3.606888,59.94,0.000000,216,3.586892,215,YES,23,3527,259709,1.0,17
208,3603.5,3.623999,3.623999,59.94,0.000000,217,3.603575,216,YES,23,3527,259709,1.0,17
209,3620.2,3.640650,3.640650,59.94,0.000000,218,3.620259,217,YES,23,3579,259709,1.0,17
210,3637.5,3.657957,3.657957,59.94,0.000000,219,3.636942,218,YES,23,3579,259709,1.0,17
211,3654.0,3.674474,3.674474,59.94,0.000000,220,3.653625,219,YES,23,3579,259709,1.0,17
212,3671.7,3.692211,3.692211,59.94,0.000000,221,3.670308,220,YES,23,3632,259709,1.0,17
213,3688.9,3.709349,3.709349,59.94,0.000000,222,3.686992,221,YES,23,3632,259709,1.0,17
214,3816.1,3.836590,3.836590,59.94,0.000000,229,3.803774,228,YES,17,3632,259709,1.0,17
215,3824.3,3.844826,3.844826,59.94,0.000000,230,3.820457,229,YES,22,3788,259709,1.0,17
216,3841.9,3.862420,3.862420,59.94,0.000000,231,3.837141,230,YES,23,3788,259709,1.0,17
217,3858.1,3.878535,3.878535,59.94,0.000000,232,3.853824,231,YES,23,3788,259709,1.0,17
218,3875.3,3.895788,3.895788,59.94,0.000000,233,3.870507,232,YES,23,3841,259709,1.0,17
219,3892.7,3.913225,3.913225,59.94,0.000000,234,3.887190,233,YES,23,3841,259709,1.0,17
220,3909.6,3.930086,3.930086,59.94,0.000000,235,3.903873,234,YES,23,3841,259709,1.0,17
221,3926.4,3.946910,3.946910,59.94,0.000000,236,3.920557,235,YES,23,3893,259709,1.0,17
222,3943.5,3.964013,3.964013,59.94,0.000000,237,3.937240,236,YES,23,3893,259709,1.0,17
223,3960.1,3.980549,3.980549,59.94,0.000000,238,3.953923,237,YES,23,3893,259709,1.0,17
224,3977.3,3.997771,3.997771,59.94,0.000000,239,3.970606,238,YES,23,3945,259709,1.0,17
225,3994.2,4.014643,4.014643,59.94,0.000000,240,3.987290,239,YES,23,3945,259709,1.0,17
226,4011.6,4.032079,4.032079,59.94,0.000000,241,4.003973,240,YES,23,3997,259709,1.0,17
227,4028.9,4.049392,4.049392,59.94,0.000000,242,4.020656,241,YES,23,3997,259709,1.0,17
228,4235.1,4.255562,4.255562,59.94,0.000000,255,4.237538,254,YES,11,3997,259709,1.0,17
229,4250.0,4.270434,4.270434,59.94,0.000000,256,4.254221,255,YES,18,4206,259709,1.0,17
230,4266.2,4.286673,4.286673,59.94,0.000000,257,4.270904,256,YES,23,4232,259709,1.0,17
231,4283.8,4.304311,4.304311,59.94,0.000000,258,4.287587,257,YES,23,4232,259709,1.0,17
232,4300.3,4.320814,4.320814,59.94,0.000000,259,4.304271,258,YES,23,4232,259709,1.0,17
233,4317.6,4.338117,4.338117,59.94,0.000000,260,4.320954,259,YES,23,4285,259709,1.0,17
234,4334.1,4.354536,4.354536,59.94,0.000000,261,4.337637,260,YES,23,4285,259709,1.0,17
235,4351.1,4.371588,4.371588,59.94,0.000000,262,4.354320,261,YES,23,4285,259709,1.0,17
236,4368.8,4.389274,4.389274,59.94,0.000000,263,4.371004,262,YES,23,4337,259709,1.0,17
237,4385.6,4.406093,4.406093,59.94,0.000000,264,4.387687,263,YES,23,4337,259709,1.0,17
238,4402.8,4.423306,4.423306,59.94,0.000000,265,4.404370,264,YES,23,4337,259709,1.0,17
239,4419.6,4.440099,4.440099,59.94,0.000000,266,4.421053,265,YES,23,4389,259709,1.0,17
240,4436.1,4.456541,4.456541,59.94,0.000000,267,4.437736,266,YES,23,4389,259709,1.0,17
241,4453.6,4.474096,4.474096,59.94,0.000000,268,4.454420,267,YES,23,4389,259709,1.0,17
242,4470.7,4.491177,4.491177,59.94,0.000000,269,4.471103,268,YES,23,4441,259709,1.0,17
243,4487.7,4.508190,4.508190,59.94,0.000000,270,4.487786,269,YES,23,4441,259709,1.0,17
244,4504.1,4.524578,4.524578,59.94,0.000000,271,4.504469,270,YES,23,4441,259709,1.0,17
245,4521.5,4.541958,4.541958,59.94,0.000000,272,4.521153,271,YES,23,4494,259709,1.0,17
246,4538.6,4.559110,4.559110,59.94,0.000000,273,4.537836,272,YES,23,4494,259709,1.0,17
247,4555.6,4.576120,4.576120,59.94,0.000000,274,4.554519,273,YES,23,4494,259709,1.0,17
248,4572.0,4.592519,4.592519,59.94,0.000000,275,4.571202,274,YES,23,4546,259709,1.0,17
249,4589.9,4.610372,4.610372,59.94,0.000000,276,4.587885,275,YES,23,4546,259709,1.0,17
250,4606.5,4.626960,4.626960,59.94,0.000000,277,4.604569,276,YES,23,4546,259709,1.0,17
251,4623.6,4.644043,4.644043,59.94,0.000000,278,4.621252,277,YES,23,4598,259709,1.0,17
252,4640.1,4.660628,4.660628,59.94,0.000000,279,4.637935,278,YES,23,4598,259709,1.0,17
253,4657.5,4.678026,4.678026,59.94,0.000000,280,4.654618,279,YES,23,4598,259709,1.0,17
254,4674.4,4.694891,4.694891,59.94,0.000000,281,4.671302,280,YES,23,4650,259709,1.0,17
255,4691.5,4.711950,4.711950,59.94,0.000000,282,4.687985,281,YES,23,4650,259709,1.0,17
256,4708.7,4.729161,4.729161,59.94,0.000000,283,4.704668,282,YES,23,4650,259709,1.0,17
257,4725.8,4.746267,4.746267,59.94,0.000000,284,4.721351,283,YES,23,4676,259709,1.0,17
258,4742.5,4.762977,4.762977,59.94,0.000000,285,4.738034,284,YES,23,4676,259709,1.0,17
259,4759.4,4.779889,4.779889,59.94,0.000000,286,4.754718,285,YES,23,4676,259709,1.0,17
260,4776.8,4.797288,4.797288,59.94,0.000000,287,4.771401,286,YES,23,4729,259709,1.0,17
261,4793.0,4.813442,4.813442,59.94,0.000000,288,4.788084,287,YES,23,4729,259709,1.0,17
262,4810.1,4.830573,4.830573,59.94,0.000000,289,4.804767,288,YES,23,4729,259709,1.0,17
263,4827.1,4.847549,4.847549,59.94,0.000000,290,4.821451,289,YES,23,4781,259709,1.0,17
264,4844.1,4.864598,4.864598,59.94,0.000000,291,4.838134,290,YES,23,4781,259709,1.0,17
265,4861.8,4.882270,4.882270,59.94,0.000000,292,4.854817,291,YES,23,4833,259709,1.0,17
266,4878.7,4.899141,4.899141,59.94,0.000000,293,4.871500,292,YES,23,4833,259709,1.0,17
267,4895.7,4.916171,4.916171,59.94,0.000000,294,4.888183,293,YES,23,4833,259709,1.0,17
268,4912.2,4.932673,4.932673,59.94,0.000000,295,4.904867,294,YES,23,4885,259709,1.0,17
269,4929.0,4.949436,4.949436,59.94,0.000000,296,4.921550,295,YES,23,4885,259709,1.0,17
270,4946.6,4.967061,4.967061,59.94,0.000000,297,4.938233,296,YES,23,4885,259709,1.0,17
271,4963.1,4.983625,4.983625,59.94,0.000000,298,4.954916,297,YES,23,4938,259709,1.0,17
272,4980.4,5.000847,5.000847,59.94,0.000000,299,4.971600,298,YES,23,4938,259709,1.0,17
273,4997.3,5.017813,5.017813,59.94,0.000000,300,4.988283,299,YES,23,4938,259709,1.0,17
274,5014.3,5.034780,5.034780,59.94,0.000000,301,5.004966,300,YES,23,4990,259709,1.0,17
275,5031.9,5.052354,5.052354,59.94,0.000000,302,5.021649,301,YES,23,4990,259709,1.0,17
276,5048.3,5.068804,5.068804,59.94,0.000000,303,5.038332,302,YES,23,4990,259709,1.0,17
277,5065.8,5.086272,5.086272,59.94,0.000000,304,5.055016,303,YES,23,5042,259709,1.0,17
278,5082.4,5.102839,5.102839,59.94,0.000000,305,5.071699,304,YES,23,5042,259709,1.0,17
279,5099.4,5.119858,5.119858,59.94,0.000000,306,5.088382,305,YES,23,5042,259709,1.0,17
280,5115.9,5.136413,5.136413,59.94,0.000000,307,5.105065,306,YES,23,5094,259709,1.0,17
281,5133.4,5.153914,5.153914,59.94,0.000000,308,5.121748,307,YES,23,5094,259709,1.0,17
282,5150.6,5.171036,5.171036,59.94,0.000000,309,5.138432,308,YES,23,5094,259709,1.0,17
283,5167.0,5.187478,5.187478,59.94,0.000000,310,5.155115,309,YES,23,5147,259709,1.0,17
284,5184.1,5.204546,5.204546,59.94,0.000000,311,5.171798,310,YES,23,5147,259709,1.0,17
285,5201.7,5.222184,5.222184,59.94,0.000000,313,5.205165,312,YES,22,5147,259709,1.0,17
286,5218.0,5.238524,5.238524,59.94,0.000000,314,5.221848,313,YES,23,5199,259709,1.0,17
287,5235.2,5.255712,5.255712,59.94,0.000000,315,5.238531,314,YES,23,5199,259709,1.0,17
288,5252.2,5.272679,5.272679,59.94,0.000000,316,5.255214,315,YES,23,5199,259709,1.0,17
289,5269.5,5.289994,5.289994,59.94,0.000000,317,5.271897,316,YES,23,5225,259709,1.0,17
290,5286.5,5.307001,5.307001,59.94,0.000000,318,5.288581,317,YES,23,5225,259709,1.0,17
291,5303.4,5.323855,5.323855,59.94,0.000000,319,5.305264,318,YES,23,5225,259709,1.0,17
292,5320.6,5.341047,5.341047,59.94,0.000000,320,5.321947,319,YES,23,5277,259709,1.0,17
293,5338.0,5.358489,5.358489,59.94,0.000000,321,5.338630,320,YES,23,5277,259709,1.0,17
294,5354.2,5.374719,5.374719,59.94,0.000000,322,5.355314,321,YES,23,5277,259709,1.0,17
295,5372.0,5.392455,5.392455,59.94,0.000000,323,5.371997,322,YES,23,5330,259709,1.0,17
296,5388.4,5.408917,5.408917,59.94,0.000000,324,5.388680,323,YES,23,5330,259709,1.0,17
297,5405.8,5.426307,5.426307,59.94,0.000000,325,5.405363,324,YES,23,5330,259709,1.0,17
298,5422.8,5.443241,5.443241,59.94,0.000000,326,5.422046,325,YES,23,5382,259709,1.0,17
299,5439.2,5.459659,5.459659,59.94,0.000000,327,5.438730,326,YES,23,5382,259709,1.0,17
300,5456.9,5.477342,5.477342,59.94,0.000000,328,5.455413,327,YES,23,5382,259709,1.0,17
301,5473.4,5.493865,5.493865,59.94,0.000000,329,5.472096,328,YES,23,5434,259709,1.0,17
302,5490.5,5.510989,5.510989,59.94,0.000000,330,5.488779,329,YES,23,5434,259709,1.0,17
303,5507.3,5.527774,5.527774,59.94,0.000000,331,5.505463,330,YES,23,5434,259709,1.0,17
304,5524.1,5.544559,5.544559,59.94,0.000000,332,5.522146,331,YES,23,5486,259709,1.0,17
305,5541.3,5.561797,5.561797,59.94,0.000000,333,5.538829,332,YES,23,5486,259709,1.0,17
306,5558.8,5.579324,5.579324,59.94,0.000000,334,5.555512,333,YES,23,5486,259709,1.0,17
307,5575.5,5.595998,5.595998,59.94,0.000000,335,5.572195,334,YES,23,5539,259709,1.0,17
308,5592.1,5.612533,5.612533,59.94,0.000000,336,5.588879,335,YES,23,5539,259709,1.0,17
309,5609.3,5.629784,5.629784,59.94,0.000000,337,5.605562,336,YES,23,5539,259709,1.0,17
310,5626.5,5.646945,5.646945,59.94,0.000000,338,5.622245,337,YES,23,5591,259709,1.0,17
311,5643.1,5.663619,5.663619,59.94,0.000000,339,5.638928,338,YES,23,5591,259709,1.0,17
312,5660.4,5.680891,5.680891,59.94,0.000000,340,5.655612,339,YES,23,5591,259709,1.0,17
313,5677.3,5.697802,5.697802,59.94,0.000000,341,5.672295,340,YES,23,5643,259709,1.0,17
314,5694.6,5.715050,5.715050,59.94,0.000000,342,5.688978,341,YES,23,5643,259709,1.0,17
315,5817.0,5.837454,5.837454,59.94,0.000000,349,5.805761,348,YES,18,5800,259709,1.0,17
316,5830.6,5.851036,5.851036,59.94,0.000000,350,5.822444,349,YES,23,5800,259709,1.0,17
317,5847.7,5.868193,5.868193,59.94,0.000000,351,5.839127,350,YES,23,5800,259709,1.0,17
318,5864.3,5.884783,5.884783,59.94,0.000000,352,5.855810,351,YES,23,5826,259709,1.0,17
319,5881.3,5.901777,5.901777,59.94,0.000000,353,5.872493,352,YES,23,5826,259709,1.0,17
320,5898.2,5.918720,5.918720,59.94,0.000000,354,5.889177,353,YES,23,5826,259709,1.0,17
321,5915.4,5.935832,5.935832,59.94,0.000000,355,5.905860,354,YES,23,5878,259709,1.0,17
322,5932.8,5.953312,5.953312,59.94,0.000000,356,5.922543,355,YES,23,5878,259709,1.0,17
323,5949.0,5.969459,5.969459,59.94,0.000000,357,5.939226,356,YES,23,5878,259709,1.0,17
324,5966.2,5.986700,5.986700,59.94,0.000000,358,5.955909,357,YES,23,5930,259709,1.0,17
325,5983.7,6.004141,6.004141,59.94,0.000000,359,5.972593,358,YES,23,5930,259709,1.0,17
326,6000.7,6.021174,6.021174,59.94,0.000000,360,5.989276,359,YES,23,5930,259709,1.0,17
327,6017.6,6.038104,6.038104,59.94,0.000000,361,6.005959,360,YES,23,5983,259709,1.0,17
328,6034.9,6.055420,6.055420,59.94,0.000000,362,6.022642,361,YES,23,5983,259709,1.0,17
329,6052.1,6.072560,6.072560,59.94,0.000000,363,6.039326,362,YES,23,5983,259709,1.0,17
330,6068.9,6.089406,6.089406,59.94,0.000000,365,6.072692,364,YES,22,6035,259709,1.0,17
331,6085.5,6.105976,6.105976,59.94,0.000000,366,6.089375,365,YES,23,6035,259709,1.0,17
332,6102.1,6.122529,6.122529,59.94,0.000000,367,6.106058,366,YES,23,6035,259709,1.0,17
333,6119.2,6.139634,6.139634,59.94,0.000000,368,6.122742,367,YES,23,6087,259709,1.0,17
334,6136.5,6.156982,6.156982,59.94,0.000000,369,6.139425,368,YES,23,6087,259709,1.0,17
335,6153.3,6.173772,6.173772,59.94,0.000000,370,6.156108,369,YES,23,6087,259709,1.0,17
336,6170.8,6.191254,6.191254,59.94,0.000000,371,6.172791,370,YES,23,6139,259709,1.0,17
337,6187.3,6.207757,6.207757,59.94,0.000000,372,6.189475,371,YES,23,6139,259709,1.0,17
338,6205.3,6.225742,6.225742,59.94,0.000000,373,6.206158,372,YES,23,6139,259709,1.0,17
339,6221.3,6.241802,6.241802,59.94,0.000000,374,6.222841,373,YES,23,6192,259709,1.0,17
340,6238.7,6.259169,6.259169,59.94,0.000000,375,6.239524,374,YES,23,6192,259709,1.0,17
341,6255.1,6.275574,6.275574,59.94,0.000000,376,6.256207,375,YES,23,6192,259709,1.0,17
342,6272.8,6.293273,6.293273,59.94,0.000000,377,6.272891,376,YES,23,6244,259709,1.0,17
343,6289.5,6.309932,6.309932,59.94,0.000000,378,6.289574,377,YES,23,6244,259709,1.0,17
344,6306.4,6.326884,6.326884,59.94,0.000000,379,6.306257,378,YES,23,6244,259709,1.0,17
345,6323.0,6.343475,6.343475,59.94,0.000000,380,6.322940,379,YES,23,6296,259709,1.0,17
346,6340.3,6.360747,6.360747,59.94,0.000000,381,6.339624,380,YES,23,6296,259709,1.0,17
347,6357.9,6.378402,6.378402,59.94,0.000000,382,6.356307,381,YES,23,6296,259709,1.0,17
348,6374.1,6.394583,6.394583,59.94,0.000000,383,6.372990,382,YES,23,6348,259709,1.0,17
349,6391.6,6.412066,6.412066,59.94,0.000000,384,6.389673,383,YES,23,6348,259709,1.0,17
350,6408.1,6.428541,6.428541,59.94,0.000000,385,6.406356,384,YES,23,6348,259709,1.0,17
351,6425.6,6.446043,6.446043,59.94,0.000000,386,6.423040,385,YES,23,6401,259709,1.0,17
352,6442.6,6.463042,6.463042,59.94,0.000000,387,6.439723,386,YES,23,6401,259709,1.0,17
353,6459.2,6.479665,6.479665,59.94,0.000000,388,6.456406,387,YES,23,6401,259709,1.0,17
354,6476.4,6.496843,6.496843,59.94,0.000000,389,6.473089,388,YES,23,6427,259709,1.0,17
355,6493.6,6.514078,6.514078,59.94,0.000000,390,6.489773,389,YES,23,6427,259709,1.0,17
356,6510.7,6.531171,6.531171,59.94,0.000000,391,6.506456,390,YES,23,6427,259709,1.0,17
357,6527.4,6.547901,6.547901,59.94,0.000000,392,6.523139,391,YES,23,6479,259709,1.0,17
358,6544.5,6.564983,6.564983,59.94,0.000000,393,6.539822,392,YES,23,6479,259709,1.0,17
359,6561.1,6.581587,6.581587,59.94,0.000000,394,6.556505,393,YES,23,6531,259709,1.0,17
360,6578.6,6.599034,6.599034,59.94,0.000000,395,6.573189,394,YES,23,6531,259709,1.0,17
361,6595.8,6.616236,6.616236,59.94,0.000000,396,6.589872,395,YES,23,6531,259709,1.0,17
362,6612.5,6.632947,6.632947,59.94,0.000000,397,6.606555,396,YES,23,6583,259709,1.0,17
363,6629.4,6.649874,6.649874,59.94,0.000000,398,6.623238,397,YES,23,6583,259709,1.0,17
364,6646.7,6.667167,6.667167,59.94,0.000000,399,6.639921,398,YES,23,6583,259709,1.0,17
365,6663.7,6.684167,6.684167,59.94,0.000000,400,6.656605,399,YES,23,6636,259709,1.0,17
366,6680.9,6.701339,6.701339,59.94,0.000000,401,6.673288,400,YES,23,6636,259709,1.0,17
367,6697.1,6.717563,6.717563,59.94,0.000000,402,6.689971,401,YES,23,6636,259709,1.0,17
368,6714.6,6.735072,6.735072,59.94,0.000000,403,6.706654,402,YES,23,6688,259709,1.0,17
369,6731.9,6.752413,6.752413,59.94,0.000000,404,6.723338,403,YES,23,6688,259709,1.0,17
370,6748.1,6.768534,6.768534,59.94,0.000000,405,6.740021,404,YES,23,6688,259709,1.0,17
371,6765.7,6.786139,6.786139,59.94,0.000000,406,6.756704,405,YES,23,6740,259709,1.0,17
372,6782.4,6.802830,6.802830,59.94,0.000000,407,6.773387,406,YES,23,6740,259709,1.0,17
373,6799.1,6.819553,6.819553,59.94,0.000000,408,6.790070,407,YES,23,6740,259709,1.0,17
374,6816.7,6.837212,6.837212,59.94,0.000000,409,6.806754,408,YES,23,6792,259709,1.0,17
375,6832.9,6.853395,6.853395,59.94,0.000000,410,6.823437,409,YES,23,6792,259709,1.0,17
376,6850.5,6.870960,6.870960,59.94,0.000000,411,6.840120,410,YES,23,6792,259709,1.0,17
377,6867.8,6.888282,6.888282,59.94,0.000000,412,6.856803,411,YES,23,6845,259709,1.0,17
378,6884.5,6.905010,6.905010,59.94,0.000000,413,6.873487,412,YES,23,6845,259709,1.0,17
379,6901.6,6.922115,6.922115,59.94,0.000000,414,6.890170,413,YES,23,6845,259709,1.0,17
380,6918.6,6.939091,6.939091,59.94,0.000000,415,6.906853,414,YES,23,6897,259709,1.0,17
381,6935.0,6.955443,6.955443,59.94,0.000000,416,6.923536,415,YES,23,6897,259709,1.0,17
382,6952.7,6.973147,6.973147,59.94,0.000000,417,6.940219,416,YES,23,6897,259709,1.0,17
383,6969.9,6.990365,6.990365,59.94,0.000000,419,6.973586,418,YES,22,6949,259709,1.0,17
384,6986.4,7.006898,7.006898,59.94,0.000000,420,6.990269,419,YES,23,6949,259709,1.0,17
385,7003.1,7.023544,7.023544,59.94,0.000000,421,7.006952,420,YES,23,6949,259709,1.0,17
386,7020.1,7.040576,7.040576,59.94,0.000000,422,7.023636,421,YES,23,6975,259709,1.0,17
387,7037.8,7.058241,7.058241,59.94,0.000000,423,7.040319,422,YES,23,6975,259709,1.0,17
388,7054.3,7.074742,7.074742,59.94,0.000000,424,7.057002,423,YES,23,6975,259709,1.0,17
389,7071.1,7.091545,7.091545,59.94,0.000000,425,7.073685,424,YES,23,7028,259709,1.0,17
390,7088.7,7.109158,7.109158,59.94,0.000000,426,7.090368,425,YES,23,7028,259709,1.0,17
391,7105.2,7.125724,7.125724,59.94,0.000000,427,7.107052,426,YES,23,7028,259709,1.0,17
392,7122.3,7.142815,7.142815,59.94,0.000000,428,7.123735,427,YES,23,7080,259709,1.0,17
393,7139.5,7.159947,7.159947,59.94,0.000000,429,7.140418,428,YES,23,7080,259709,1.0,17
394,7156.2,7.176641,7.176641,59.94,0.000000,430,7.157101,429,YES,23,7080,259709,1.0,17
395,7173.4,7.193830,7.193830,59.94,0.000000,431,7.173785,430,YES,23,7132,259709,1.0,17
396,7190.6,7.211060,7.211060,59.94,0.000000,432,7.190468,431,YES,23,7132,259709,1.0,17
397,7207.2,7.227720,7.227720,59.94,0.000000,433,7.207151,432,YES,23,7132,259709,1.0,17
398,7224.3,7.244730,7.244730,59.94,0.000000,434,7.223834,433,YES,23,7184,259709,1.0,17
399,7241.8,7.262328,7.262328,59.94,0.000000,435,7.240517,434,YES,23,7184,259709,1.0,17
400,7258.9,7.279374,7.279374,59.94,0.000000,436,7.257201,435,YES,23,7184,259709,1.0,17
401,7275.7,7.296129,7.296129,59.94,0.000000,437,7.273884,436,YES,23,7236,259709,1.0,17
402,7292.3,7.312748,7.312748,59.94,0.000000,438,7.290567,437,YES,23,7236,259709,1.0,17
403,7309.1,7.329534,7.329534,59.94,0.000000,439,7.307250,438,YES,23,7236,259709,1.0,17
404,7326.7,7.347134,7.347134,59.94,0.000000,440,7.323934,439,YES,23,7289,259709,1.0,17
405,7343.0,7.363514,7.363514,59.94,0.000000,441,7.340617,440,YES,23,7289,259709,1.0,17
406,7359.9,7.380428,7.380428,59.94,0.000000,442,7.357300,441,YES,23,7289,259709,1.0,17
407,7377.4,7.397904,7.397904,59.94,0.000000,443,7.373983,442,YES,23,7341,259709,1.0,17
408,7394.0,7.414492,7.414492,59.94,0.000000,444,7.390666,443,YES,23,7341,259709,1.0,17
409,7411.8,7.432267,7.432267,59.94,0.000000,445,7.407350,444,YES,23,7393,259709,1.0,17
410,7428.5,7.448931,7.448931,59.94,0.000000,446,7.424033,445,YES,23,7393,259709,1.0,17
411,7445.1,7.465553,7.465553,59.94,0.000000,447,7.440716,446,YES,23,7393,259709,1.0,17
412,7462.5,7.483010,7.483010,59.94,0.000000,448,7.457399,447,YES,23,7445,259709,1.0,17
413,7479.9,7.500382,7.500382,59.94,0.000000,449,7.474082,448,YES,23,7445,259709,1.0,17
414,7496.1,7.516599,7.516599,59.94,0.000000,450,7.490766,449,YES,23,7445,259709,1.0,17
415,7513.0,7.533480,7.533480,59.94,0.000000,451,7.507449,450,YES,23,7498,259709,1.0,17
416,7530.9,7.551388,7.551388,59.94,0.000000,452,7.524132,451,YES,23,7498,259709,1.0,17
417,7547.7,7.568222,7.568222,59.94,0.000000,453,7.540815,452,YES,23,7498,259709,1.0,17
418,7564.9,7.585403,7.585403,59.94,0.000000,454,7.557499,453,YES,23,7550,259709,1.0,17
419,7581.7,7.602139,7.602139,59.94,0.000000,455,7.574182,454,YES,23,7550,259709,1.0,17
420,7598.1,7.618620,7.618620,59.94,0.000000,456,7.590865,455,YES,23,7550,259709,1.0,17
421,7615.0,7.635456,7.635456,59.94,0.000000,457,7.607548,456,YES,23,7576,259709,1.0,17
422,7632.0,7.652457,7.652457,59.94,0.000000,458,7.624231,457,YES,23,7576,259709,1.0,17
423,7649.9,7.670353,7.670353,59.94,0.000000,459,7.640915,458,YES,23,7576,259709,1.0,17
424,7666.5,7.686937,7.686937,59.94,0.000000,460,7.657598,459,YES,23,7628,259709,1.0,17
425,7683.0,7.703491,7.703491,59.94,0.000000,461,7.674281,460,YES,23,7628,259709,1.0,17
426,7700.0,7.720467,7.720467,59.94,0.000000,462,7.690964,461,YES,23,7628,259709,1.0,17
427,7815.6,7.836122,7.836122,59.94,0.000000,469,7.807747,468,YES,18,7785,259709,1.0,17
428,7819.1,7.839628,7.839628,59.94,0.000000,470,7.824430,469,YES,19,7785,259709,1.0,17
429,7836.0,7.856514,7.856514,59.94,0.000000,471,7.841113,470,YES,23,7785,259709,1.0,17
430,7853.8,7.874242,7.874242,59.94,0.000000,472,7.857797,471,YES,23,7785,259709,1.0,17
431,7870.3,7.890775,7.890775,59.94,0.000000,473,7.874480,472,YES,23,7837,259709,1.0,17
432,7887.1,7.907540,7.907540,59.94,0.000000,474,7.891163,473,YES,23,7837,259709,1.0,17
433,7904.2,7.924683,7.924683,59.94,0.000000,475,7.907846,474,YES,23,7837,259709,1.0,17
434,7921.6,7.942101,7.942101,59.94,0.000000,476,7.924529,475,YES,23,7890,259709,1.0,17
435,7938.8,7.959320,7.959320,59.94,0.000000,477,7.941213,476,YES,23,7890,259709,1.0,17
436,7955.3,7.975807,7.975807,59.94,0.000000,478,7.957896,477,YES,23,7890,259709,1.0,17
437,7972.9,7.993361,7.993361,59.94,0.000000,479,7.974579,478,YES,23,7942,259709,1.0,17
438,7989.4,8.009886,8.009886,59.94,0.000000,480,7.991262,479,YES,23,7942,259709,1.0,17
439,8006.9,8.027359,8.027359,59.94,0.000000,481,8.007946,480,YES,23,7942,259709,1.0,17
440,8023.6,8.044103,8.044103,59.94,0.000000,482,8.024629,481,YES,23,7994,259709,1.0,17
441,8040.2,8.060677,8.060677,59.94,0.000000,483,8.041312,482,YES,23,7994,259709,1.0,17
442,8057.1,8.077535,8.077535,59.94,0.000000,484,8.057995,483,YES,23,7994,259709,1.0,17
443,8074.1,8.094617,8.094617,59.94,0.000000,485,8.074678,484,YES,23,8046,259709,1.0,17
444,8091.7,8.112206,8.112206,59.94,0.000000,486,8.091362,485,YES,23,8046,259709,1.0,17
445,8108.3,8.128771,8.128771,59.94,0.000000,487,8.108045,486,YES,23,8046,259709,1.0,17
446,8125.9,8.146376,8.146376,59.94,0.000000,488,8.124728,487,YES,23,8099,259709,1.0,17
447,8142.4,8.162917,8.162917,59.94,0.000000,489,8.141411,488,YES,23,8099,259709,1.0,17
448,8159.8,8.180239,8.180239,59.94,0.000000,490,8.158095,489,YES,23,8099,259709,1.0,17
449,8176.9,8.197378,8.197378,59.94,0.000000,491,8.174778,490,YES,23,8125,259709,1.0,17
450,8193.6,8.214031,8.214031,59.94,0.000000,492,8.191461,491,YES,23,8125,259709,1.0,17
451,8210.1,8.230589,8.230589,59.94,0.000000,493,8.208144,492,YES,23,8125,259709,1.0,17
452,8227.2,8.247652,8.247652,59.94,0.000000,494,8.224827,493,YES,23,8177,259709,1.0,17
453,8244.2,8.264658,8.264658,59.94,0.000000,495,8.241511,494,YES,23,8177,259709,1.0,17
454,8261.7,8.282220,8.282220,59.94,0.000000,496,8.258194,495,YES,23,8229,259709,1.0,17
455,8278.9,8.299380,8.299380,59.94,0.000000,497,8.274877,496,YES,23,8229,259709,1.0,17
456,8295.6,8.316072,8.316072,59.94,0.000000,498,8.291560,497,YES,23,8229,259709,1.0,17
457,8312.4,8.332900,8.332900,59.94,0.000000,499,8.308243,498,YES,23,8281,259709,1.0,17
458,8329.3,8.349760,8.349760,59.94,0.000000,500,8.324927,499,YES,23,8281,259709,1.0,17
459,8346.6,8.367078,8.367078,59.94,0.000000,501,8.341610,500,YES,23,8281,259709,1.0,17
460,8363.6,8.384111,8.384111,59.94,0.000000,502,8.358293,501,YES,23,8334,259709,1.0,17
461,8380.1,8.400590,8.400590,59.94,0.000000,503,8.374976,502,YES,23,8334,259709,1.0,17
462,8397.6,8.418053,8.418053,59.94,0.000000,504,8.391660,503,YES,23,8334,259709,1.0,17
463,8414.8,8.435246,8.435246,59.94,0.000000,505,8.408343,504,YES,23,8386,259709,1.0,17
464,8430.9,8.451422,8.451422,59.94,0.000000,506,8.425026,505,YES,23,8386,259709,1.0,17
465,8448.9,8.469387,8.469387,59.94,0.000000,507,8.441709,506,YES,23,8386,259709,1.0,17
466,8465.5,8.486025,8.486025,59.94,0.000000,508,8.458392,507,YES,23,8438,259709,1.0,17
467,8483.1,8.503575,8.503575,59.94,0.000000,509,8.475076,508,YES,23,8438,259709,1.0,17
468,8499.2,8.519669,8.519669,59.94,0.000000,510,8.491759,509,YES,23,8438,259709,1.0,17
469,8516.8,8.537274,8.537274,59.94,0.000000,511,8.508442,510,YES,23,8490,259709,1.0,17
470,8533.9,8.554335,8.554335,59.94,0.000000,512,8.525125,511,YES,23,8490,259709,1.0,17
471,8550.4,8.570836,8.570836,59.94,0.000000,513,8.541809,512,YES,23,8490,259709,1.0,17
472,8567.8,8.588325,8.588325,59.94,0.000000,514,8.558492,513,YES,23,8543,259709,1.0,17
473,8584.2,8.604675,8.604675,59.94,0.000000,515,8.575175,514,YES,23,8543,259709,1.0,17
474,8601.3,8.621740,8.621740,59.94,0.000000,516,8.591858,515,YES,23,8543,259709,1.0,17
475,8618.8,8.639250,8.639250,59.94,0.000000,517,8.608541,516,YES,23,8595,259709,1.0,17
476,8635.6,8.656073,8.656073,59.94,0.000000,518,8.625225,517,YES,23,8595,259709,1.0,17
477,8652.4,8.672849,8.672849,59.94,0.000000,519,8.641908,518,YES,23,8595,259709,1.0,17
478,8669.8,8.690262,8.690262,59.94,0.000000,520,8.658591,519,YES,23,8647,259709,1.0,17
479,8686.0,8.706470,8.706470,59.94,0.000000,521,8.675274,520,YES,23,8647,259709,1.0,17
480,8703.2,8.723700,8.723700,59.94,0.000000,522,8.691958,521,YES,23,8647,259709,1.0,17
481,8720.8,8.741308,8.741308,59.94,0.000000,523,8.708641,522,YES,23,8699,259709,1.0,17
482,8737.7,8.758167,8.758167,59.94,0.000000,524,8.725324,523,YES,23,8699,259709,1.0,17
483,8754.4,8.774901,8.774901,59.94,0.000000,525,8.742007,524,YES,23,8699,259709,1.0,17
484,8771.3,8.791758,8.791758,59.94,0.000000,526,8.758690,525,YES,23,8725,259709,1.0,17
485,8788.3,8.808780,8.808780,59.94,0.000000,528,8.792057,527,YES,22,8725,259709,1.0,17
486,8805.9,8.826342,8.826342,59.94,0.000000,529,8.808740,528,YES,23,8725,259709,1.0,17
487,8822.4,8.842859,8.842859,59.94,0.000000,530,8.825423,529,YES,23,8778,259709,1.0,17
488,8838.9,8.859420,8.859420,59.94,0.000000,531,8.842107,530,YES,23,8778,259709,1.0,17
489,8856.9,8.877360,8.877360,59.94,0.000000,532,8.858790,531,YES,23,8778,259709,1.0,17
490,8873.9,8.894353,8.894353,59.94,0.000000,533,8.875473,532,YES,23,8830,259709,1.0,17
491,8890.1,8.910622,8.910622,59.94,0.000000,534,8.892156,533,YES,23,8830,259709,1.0,17
492,8908.3,8.928739,8.928739,59.94,0.000000,535,8.908839,534,YES,23,8830,259709,1.0,17
493,8924.2,8.944692,8.944692,59.94,0.000000,536,8.925523,535,YES,23,8882,259709,1.0,17
494,8941.1,8.961554,8.961554,59.94,0.000000,537,8.942206,536,YES,23,8882,259709,1.0,17
495,8958.9,8.979367,8.979367,59.94,0.000000,538,8.958889,537,YES,23,8882,259709,1.0,17
496,8975.0,8.995433,8.995433,59.94,0.000000,539,8.975572,538,YES,23,8934,259709,1.0,17
497,8992.1,9.012623,9.012623,59.94,0.000000,540,8.992255,539,YES,23,8934,259709,1.0,17
498,9009.3,9.029779,9.029779,59.94,0.000000,541,9.008939,540,YES,23,8934,259709,1.0,17
499,9026.5,9.047000,9.047000,59.94,0.000000,542,9.025622,541,YES,23,8987,259709,1.0,17
500,9043.7,9.064141,9.064141,59.94,0.000000,543,9.042305,542,YES,23,8987,259709,1.0,17
